// Jest Snapshot v1, https://goo.gl/fbAQLP

exports[`ProductCard: Render card 1`] = `
<div>
  <div
    class="sc-aa1a80d5-2 bWWIfb"
  >
    <div
      class="sc-7d6be7a8-0 kzlrqJ"
    >
      -
      0
      %
    </div>
    <div
      class="sc-d8b47b8e-0 gDyAOM"
    >
      <i
        class="icofont icofont-favorite-fill "
      />
    </div>
    <a
      href="/product/6"
    >
      <div
        class="sc-aa1a80d5-1 fVfJIC"
        id="wrapper-6"
      >
        <div
          class="sc-91434ab0-0 NzyZw"
        >
          <div
            class="sc-91434ab0-1 kzBAtY"
          />
        </div>
      </div>
    </a>
    <a
      class="sc-aa1a80d5-3 eofkaM"
      href="/product/6"
    >
      <div>
        Calvin Klein CK One
      </div>
      <span>
        Calvin Klein
      </span>
    </a>
    <span
      class="sc-a1f6370b-0 goVLkk"
    />
    <div
      class="sc-aa1a80d5-5 gwhwNr"
    >
      <div
        class="sc-be016b9b-0 hGlQTV"
      >
        <div
          class="sc-be016b9b-1 fHjwaS"
        >
          <div
            class="sc-be016b9b-2 fMxAWE"
          >
            <i
              class="icofont icofont-star sc-be016b9b-3 fICwyA"
            />
            <i
              class="icofont icofont-star sc-be016b9b-3 fICwyA"
            />
            <i
              class="icofont icofont-star sc-be016b9b-3 fICwyA"
            />
            <i
              class="icofont icofont-star sc-be016b9b-3 fICwyA"
            />
            <i
              class="icofont icofont-star sc-be016b9b-3 fICwyA"
            />
          </div>
          <div
            class="sc-be016b9b-2 etYehl"
          >
            <i
              class="icofont icofont-star sc-be016b9b-3 fnkWPB"
            />
            <i
              class="icofont icofont-star sc-be016b9b-3 fnkWPB"
            />
            <i
              class="icofont icofont-star sc-be016b9b-3 fnkWPB"
            />
            <i
              class="icofont icofont-star sc-be016b9b-3 fnkWPB"
            />
            <i
              class="icofont icofont-star sc-be016b9b-3 fnkWPB"
            />
          </div>
        </div>
        <span>
          4.85
        </span>
      </div>
      <div
        class="sc-aa1a80d5-4 jSVhXR"
      >
        49.99
         
        $
      </div>
    </div>
    <button
      class="sc-6ffd862-0 bkeQbQ"
    >
      Add to cart
      <i
        class="icofont icofont-cart "
      />
    </button>
  </div>
</div>
`;
