// Jest Snapshot v1, https://jestjs.io/docs/snapshot-testing

exports[`ProductCard: Render card 1`] = `
<div>
  <div
    class="sc-aa1a80d5-2 jpYUlY"
  >
    <div
      class="sc-7d6be7a8-0 hNnrTe"
    >
      -
      0
      %
    </div>
    <div
      class="sc-d8b47b8e-0 favzof"
    >
      <i
        class="icofont icofont-favorite-fill "
      />
    </div>
    <a
      href="/product/6"
    >
      <div
        class="sc-aa1a80d5-1 eoQhEx"
        id="wrapper-6"
      >
        <div
          class="sc-83cf1764-0 flRvsd"
        >
          <div
            class="sc-83cf1764-1 fACrBg"
          >
            <span />
            <span />
            <span />
            <span />
          </div>
        </div>
      </div>
    </a>
    <a
      class="sc-aa1a80d5-3 dcqcWn"
      href="/product/6"
    >
      <div>
        Calvin Klein CK One
      </div>
      <span>
        Calvin Klein
      </span>
    </a>
    <span
      class="sc-a1f6370b-0 eaxihD"
    />
    <div
      class="sc-aa1a80d5-5 hnsjMU"
    >
      <div
        class="sc-be016b9b-0 jRatsa"
      >
        <div
          class="sc-be016b9b-1 cLEppR"
        >
          <div
            class="sc-be016b9b-2 zIUAT"
          >
            <i
              class="icofont icofont-star sc-be016b9b-3 jFGxFv"
            />
            <i
              class="icofont icofont-star sc-be016b9b-3 jFGxFv"
            />
            <i
              class="icofont icofont-star sc-be016b9b-3 jFGxFv"
            />
            <i
              class="icofont icofont-star sc-be016b9b-3 jFGxFv"
            />
            <i
              class="icofont icofont-star sc-be016b9b-3 jFGxFv"
            />
          </div>
          <div
            class="sc-be016b9b-2 gJXuIu"
          >
            <i
              class="icofont icofont-star sc-be016b9b-3 bfjFi"
            />
            <i
              class="icofont icofont-star sc-be016b9b-3 bfjFi"
            />
            <i
              class="icofont icofont-star sc-be016b9b-3 bfjFi"
            />
            <i
              class="icofont icofont-star sc-be016b9b-3 bfjFi"
            />
            <i
              class="icofont icofont-star sc-be016b9b-3 bfjFi"
            />
          </div>
        </div>
        <span>
          4.85
        </span>
      </div>
      <div
        class="sc-aa1a80d5-4 bwgMlO"
      >
        49.99
         
        $
      </div>
    </div>
    <button
      class="sc-6ffd862-0 hdBPUn"
    >
      Add to cart
      <i
        class="icofont icofont-cart "
      />
    </button>
  </div>
</div>
`;
