// Jest Snapshot v1, https://jestjs.io/docs/snapshot-testing

exports[`Favorite page test: Render text 1`] = `
<div>
  <div
    class="sc-cda6c8d6-0 dznKZc"
  >
    <div
      class="sc-4a960974-0 eLHqHA"
    >
      <div
        class="sc-4a960974-1 cRcfHJ"
        style="opacity: 0;"
      />
      <div
        class="sc-59cb1f7b-1 bNgzPu"
        style="opacity: 0;"
      >
        <span
          class="sc-a1f6370b-0 eaxihD"
        />
      </div>
      <div
        style="opacity: 0;"
      >
        <div
          class="sc-9bb5e335-0 fBsTCf"
        >
          Nothing was't add to favorites, go to
           
          <a
            href="/products"
          >
            Products
          </a>
        </div>
      </div>
    </div>
  </div>
</div>
`;
