// Jest Snapshot v1, https://goo.gl/fbAQLP

exports[`Favorite page test: Render text 1`] = `
<div>
  <div
    class="sc-cda6c8d6-0 faFXox"
  >
    <div
      class="sc-4a960974-0 fSQjaF"
    >
      <div
        class="sc-4a960974-1 btJdTY"
        style="opacity: 0;"
      />
      <div
        class="sc-59cb1f7b-1 fnJQvv"
        style="opacity: 0;"
      >
        <span
          class="sc-a1f6370b-0 bNHuca"
        />
      </div>
      <div
        style="opacity: 0;"
      >
        <div
          class="sc-9bb5e335-0 jssCAC"
        >
          Nothing was't add to favorites, go to
           
          <a
            href="/products"
          >
            Products
          </a>
        </div>
      </div>
    </div>
  </div>
</div>
`;
